// Jest Snapshot v1, https://goo.gl/fbAQLP

exports[`Note renders correctly 1`] = `
<li
  onClick={[Function]}
>
  Test Note
</li>
`;
